openjdk version "21.0.12" 2026-07-21 LTS
OpenJDK Runtime Environment Temurin-21.0.12+8 (build 21.0.12+8-LTS)
OpenJDK 64-Bit Server VM Temurin-21.0.12+8 (build 21.0.12+8-LTS, mixed mode)
INFO  Using log config file: jar:file:/home/taeho/tools/ghidra_11.3.2_PUBLIC/Ghidra/Framework/Generic/lib/Generic.jar!/generic.log4j.xml (LoggingInitialization)  
INFO  Using log file: /home/taeho/.config/ghidra/ghidra_11.3.2_PUBLIC/application.log (LoggingInitialization)  
INFO  Loading user preferences: /home/taeho/.config/ghidra/ghidra_11.3.2_PUBLIC/preferences (Preferences)  
INFO  Searching for classes... (ClassSearcher)  
INFO  Class search complete (1636 ms) (ClassSearcher)  
INFO  Initializing SSL Context (SSLContextInitializer)  
INFO  Initializing Random Number Generator... (SecureRandomFactory)  
INFO  Random Number Generator initialization complete: NativePRNGNonBlocking (SecureRandomFactory)  
INFO  Trust manager disabled, cacerts have not been set (ApplicationTrustManagerFactory)  
INFO  Headless startup complete (3208 ms) (AnalyzeHeadless)  
INFO  Class searcher loaded 57 extension points (18 false positives) (ClassSearcher)  
INFO  HEADLESS Script Paths:
    /home/taeho/tools/ghidra_11.3.2_PUBLIC/Ghidra/Features/SwiftDemangler/ghidra_scripts
    /home/taeho/tools/ghidra_11.3.2_PUBLIC/Ghidra/Debug/Debugger/ghidra_scripts
    /home/taeho/tools/ghidra_11.3.2_PUBLIC/Ghidra/Features/BSim/ghidra_scripts
    /home/taeho/tools/ghidra_11.3.2_PUBLIC/Ghidra/Debug/Debugger-rmi-trace/ghidra_scripts
    /home/taeho/tools/ghidra_11.3.2_PUBLIC/Ghidra/Features/PyGhidra/ghidra_scripts
    /home/taeho/tools/ghidra_11.3.2_PUBLIC/Ghidra/Features/Base/ghidra_scripts
    /home/taeho/tools/ghidra_11.3.2_PUBLIC/Ghidra/Processors/Atmel/ghidra_scripts
    /home/taeho/tools/ghidra_11.3.2_PUBLIC/Ghidra/Features/WildcardAssembler/ghidra_scripts
    /home/taeho/tools/ghidra_11.3.2_PUBLIC/Ghidra/Features/SystemEmulation/ghidra_scripts
    /home/taeho/archive/rummikub_analysis/ghidra_scripts
    /home/taeho/tools/ghidra_11.3.2_PUBLIC/Ghidra/Features/FunctionID/ghidra_scripts
    /home/taeho/tools/ghidra_11.3.2_PUBLIC/Ghidra/Features/DecompilerDependent/ghidra_scripts
    /home/taeho/tools/ghidra_11.3.2_PUBLIC/Ghidra/Features/Decompiler/ghidra_scripts
    /home/taeho/tools/ghidra_11.3.2_PUBLIC/Ghidra/Features/GnuDemangler/ghidra_scripts
    /home/taeho/tools/ghidra_11.3.2_PUBLIC/Ghidra/Processors/8051/ghidra_scripts
    /home/taeho/tools/ghidra_11.3.2_PUBLIC/Ghidra/Features/VersionTracking/ghidra_scripts
    /home/taeho/tools/ghidra_11.3.2_PUBLIC/Ghidra/Processors/JVM/ghidra_scripts
    /home/taeho/tools/ghidra_11.3.2_PUBLIC/Ghidra/Processors/DATA/ghidra_scripts
    /home/taeho/tools/ghidra_11.3.2_PUBLIC/Ghidra/Features/BytePatterns/ghidra_scripts
    /home/taeho/tools/ghidra_11.3.2_PUBLIC/Ghidra/Features/FileFormats/ghidra_scripts
    /home/taeho/tools/ghidra_11.3.2_PUBLIC/Ghidra/Features/Jython/ghidra_scripts
    /home/taeho/tools/ghidra_11.3.2_PUBLIC/Ghidra/Features/PDB/ghidra_scripts
    /home/taeho/tools/ghidra_11.3.2_PUBLIC/Ghidra/Features/MicrosoftCodeAnalyzer/ghidra_scripts
    /home/taeho/tools/ghidra_11.3.2_PUBLIC/Ghidra/Processors/PIC/ghidra_scripts (HeadlessAnalyzer)  
INFO  HEADLESS: execution starts (HeadlessAnalyzer)  
INFO  Opening existing project: /home/taeho/archive/rummikub_analysis/ghidra_proj/RkAnalysis (HeadlessAnalyzer)  
INFO  Opening project: /home/taeho/archive/rummikub_analysis/ghidra_proj/RkAnalysis (HeadlessProject)  
INFO  REPORT: Processing project file: /UnityFramework (HeadlessAnalyzer)  
INFO  SCRIPT: /home/taeho/archive/rummikub_analysis/ghidra_scripts/DecompileMove.py (HeadlessAnalyzer)  
======================================================================
RmkbGameView3D.OnMouseUp @ 0x290e8b8

void FUN_0290e8b8(long *param_1)

{
  undefined4 uVar1;
  uint uVar2;
  long lVar3;
  int iVar4;
  long *plVar5;
  long lVar6;
  long lVar7;
  long lVar8;
  undefined4 local_54;
  
  if ((DAT_0630be17 & 1) == 0) {
    FUN_00f24e10(&DAT_05f95108);
    FUN_00f24e10(&DAT_05f968e0);
    FUN_00f24e10(&DAT_05f968f0);
    FUN_00f24e10(&DAT_05f968f8);
    FUN_00f24e10(&DAT_05f83678);
    FUN_00f24e10(&DAT_05f846a8);
    FUN_00f24e10(&DAT_05f8a860);
    FUN_00f24e10(&DAT_05fb9398);
    DAT_0630be17 = 1;
    lVar6 = param_1[0x48];
    if (*(int *)(DAT_05f83678 + 0xe4) != 0) goto LAB_0290e8fc;
LAB_0290e98c:
    thunk_FUN_00fad554();
    FUN_04774e24(lVar6,0,0);
    iVar4 = (int)lVar6;
  }
  else {
    lVar6 = param_1[0x48];
    if (*(int *)(DAT_05f83678 + 0xe4) == 0) goto LAB_0290e98c;
LAB_0290e8fc:
    FUN_04774e24(lVar6,0,0);
    iVar4 = (int)lVar6;
  }
  if (iVar4 != 0) {
    if (param_1[0x48] == 0) goto LAB_0290ebc0;
    FUN_029118c0(param_1[0x48],0);
  }
  if (param_1[0x2a] != 0) {
    if (*(int *)(param_1[0x2a] + 0x18) < 1) {
      return;
    }
    if ((DAT_0630be16 & 1) == 0) {
      FUN_00f24e10(&DAT_05f95128);
      FUN_00f24e10(&DAT_05f95180);
      DAT_0630be16 = 1;
    }
    lVar6 = param_1[0x28];
    if (lVar6 != 0) {
      lVar7 = 0;
      do {
        if (*(int *)(lVar6 + 0x18) <= lVar7) {
          lVar6 = DAT_05f846a8;
          thunk_FUN_00f744d0();
          FUN_028e8970();
          lVar7 = param_1[0x2a];
          if (lVar7 == 0) break;
          FUN_037c7d34(lVar7,0,DAT_05f968f8);
          plVar5 = param_1;
          FUN_0290ed04();
          if (plVar5 == (long *)0x0) {
            plVar5 = param_1;
            FUN_0290f0a0(param_1,lVar7);
            if (plVar5 == (long *)0x0) break;
          }
          else {
            *(int *)(plVar5 + 2) =
                 (int)plVar5[2] + *(int *)((long)param_1 + 0x17c) * *(int *)((long)plVar5 + 0x14);
            *(undefined4 *)((long)plVar5 + 0x14) = 0;
          }
          iVar4 = (int)plVar5[3];
          if ((iVar4 == 2) || (iVar4 == 1)) {
            if (lVar6 == 0) break;
            *(int *)(lVar6 + 0x1c) = iVar4;
          }
          else if (lVar6 == 0) break;
          *(long *)(lVar6 + 0x20) = plVar5[2];
          lVar7 = param_1[0x2a];
          if (lVar7 != 0) {
            iVar4 = 0;
            goto LAB_0290eaec;
          }
          break;
        }
        lVar6 = *(long *)(lVar6 + lVar7 * 8 + 0x20);
        if (lVar6 == 0) break;
        FUN_0291a228(lVar6,0,0);
        lVar7 = lVar7 + 1;
        lVar6 = param_1[0x28];
      } while (lVar6 != 0);
    }
  }
LAB_0290ebc0:
                    /* WARNING: Subroutine does not return */
  FUN_00f2507c();
LAB_0290eaec:
  if (*(int *)(lVar7 + 0x18) <= iVar4) {
    if (*(int *)(lVar6 + 0x1c) == 1) {
      local_54 = 10;
      if (*(int *)(lVar7 + 0x18) != 1) {
        local_54 = 0xb;
      }
      thunk_FUN_00f74084(DAT_05f8a860,&local_54);
      FUN_029a08f4();
      lVar7 = param_1[0x2a];
      if (lVar7 == 0) goto LAB_0290ebc0;
    }
    iVar4 = *(int *)(lVar7 + 0x18);
    *(undefined4 *)(lVar7 + 0x18) = 0;
    *(int *)(lVar7 + 0x1c) = *(int *)(lVar7 + 0x1c) + 1;
    if (0 < iVar4) {
      FUN_03ea5a90(*(undefined8 *)(lVar7 + 0x10),0,iVar4,0);
    }
    (**(code **)(*param_1 + 0x1c8))(param_1,lVar6,*(undefined8 *)(*param_1 + 0x1d0));
    thunk_FUN_04777760(param_1,DAT_05fb9398,0);
    return;
  }
  lVar8 = *(long *)(lVar6 + 0x30);
  FUN_037c7d34(lVar7,iVar4,DAT_05f968f8);
  lVar3 = DAT_05f95108;
  if (((lVar7 == 0) || (*(long *)(lVar7 + 0x40) == 0)) || (lVar8 == 0)) goto LAB_0290ebc0;
  uVar1 = *(undefined4 *)(*(long *)(lVar7 + 0x40) + 0x18);
  *(int *)(lVar8 + 0x1c) = *(int *)(lVar8 + 0x1c) + 1;
  lVar7 = *(long *)(lVar8 + 0x10);
  if (lVar7 == 0) goto LAB_0290ebc0;
  uVar2 = *(uint *)(lVar8 + 0x18);
  if (uVar2 < *(uint *)(lVar7 + 0x18)) {
    *(uint *)(lVar8 + 0x18) = uVar2 + 1;
    *(undefined4 *)(lVar7 + (long)(int)uVar2 * 4 + 0x20) = uVar1;
  }
  else {
    FUN_03791b4c(lVar8,uVar1,*(undefined8 *)(*(long *)(*(long *)(lVar3 + 0x20) + 0xc0) + 0x70));
  }
  lVar7 = param_1[0x2a];
  if ((lVar7 == 0) || (FUN_037c7d34(lVar7,iVar4,DAT_05f968f8), lVar7 == 0)) goto LAB_0290ebc0;
  FUN_0291a218();
  lVar7 = param_1[0x2a];
  if ((lVar7 == 0) ||
     ((FUN_037c7d34(lVar7,iVar4,DAT_05f968f8), lVar7 == 0 || (*(long *)(lVar7 + 0x40) == 0))))
  goto LAB_0290ebc0;
  *(undefined4 *)(*(long *)(lVar7 + 0x40) + 0x34) = 2;
  iVar4 = iVar4 + 1;
  lVar7 = param_1[0x2a];
  if (lVar7 == 0) goto LAB_0290ebc0;
  goto LAB_0290eaec;
}


======================================================================
RmkbGameView3D.FireMoveMadeEvent @ 0x290f7bc

void FUN_0290f7bc(undefined8 param_1,undefined8 param_2)

{
  FUN_0298b58c(param_1,param_2,0);
  return;
}


======================================================================
RmkbGameView3D.MouseDownOnTile @ 0x290dd88

void FUN_0290dd88(long param_1,uint param_2,long param_3)

{
  long lVar1;
  undefined8 uVar2;
  long lVar3;
  float fVar4;
  
  if ((DAT_0630bdf6 & 1) == 0) {
    FUN_00f24e10(&DAT_05fb9398);
    DAT_0630bdf6 = 1;
  }
  thunk_FUN_04777760(param_1,DAT_05fb9398,0);
  if (param_3 != 0) {
    uVar2 = *(undefined8 *)(param_3 + 0x1c);
    *(undefined4 *)(param_1 + 0x16c) = *(undefined4 *)(param_3 + 0x24);
    *(undefined8 *)(param_1 + 0x164) = uVar2;
    lVar3 = *(long *)(param_1 + 0x140);
    if (lVar3 != 0) {
      if (*(uint *)(lVar3 + 0x18) <= param_2) {
                    /* WARNING: Subroutine does not return */
        FUN_00f25088();
      }
      lVar3 = *(long *)(lVar3 + (long)(int)param_2 * 8 + 0x20);
      if (lVar3 != 0) {
        fVar4 = *(float *)(lVar3 + 0x58);
        uVar2 = *(undefined8 *)(param_1 + 0x164);
        *(ulong *)(param_1 + 0x158) =
             CONCAT44((float)((ulong)*(undefined8 *)(lVar3 + 0x50) >> 0x20) -
                      (float)((ulong)uVar2 >> 0x20),
                      (float)*(undefined8 *)(lVar3 + 0x50) - (float)uVar2);
        *(float *)(param_1 + 0x160) = fVar4 - *(float *)(param_1 + 0x16c);
        lVar1 = *(long *)(param_1 + 0x128);
        if (lVar1 != 0) {
                    /* WARNING: Could not recover jumptable at 0x0290de60. Too many branches */
                    /* WARNING: Treating indirect jump as call */
          (**(code **)(lVar1 + 0x18))
                    (*(undefined8 *)(lVar1 + 0x40),*(undefined8 *)(lVar3 + 0x40),
                     *(undefined8 *)(lVar1 + 0x28));
          return;
        }
      }
    }
  }
                    /* WARNING: Subroutine does not return */
  FUN_00f2507c();
}


DONE
INFO  REPORT: Save succeeded for processed file: /UnityFramework (HeadlessAnalyzer)  
